00:00 +0: loading D:/flutter projects/invoify/integration_test/app_e2e_test.dart
Running Gradle task 'assembleDebug'...                             48.0s
ΓêÜ Built build\app\outputs\flutter-apk\app-debug.apk
Installing build\app\outputs\flutter-apk\app-debug.apk...          16.6s
00:00 +0: (setUpAll)
00:00 +0: Invoify Complete Interactive E2E Master Journey Test Suite Complete End-to-End User Master Journey: Auth -> Dashboard -> Add Client -> Create Invoice -> Settings
[90m[≡ƒîÄ Easy Localization] [DEBUG] Localization initialized[0m
[90m[≡ƒîÄ Easy Localization] [DEBUG] Start[0m
[90m[≡ƒîÄ Easy Localization] [DEBUG] Init state[0m
[32m[≡ƒîÄ Easy Localization] [INFO] Start locale loaded ar[0m
[90m[≡ƒîÄ Easy Localization] [DEBUG] Build[0m
[90m[≡ƒîÄ Easy Localization] [DEBUG] Init Localization Delegate[0m
[90m[≡ƒîÄ Easy Localization] [DEBUG] Init provider[0m
[90m[≡ƒîÄ Easy Localization] [DEBUG] Load Localization Delegate[0m
[90m[≡ƒîÄ Easy Localization] [DEBUG] Load asset from assets/translations[0m
[90m[≡ƒîÄ Easy Localization] [DEBUG] Build[0m
[90m[≡ƒîÄ Easy Localization] [DEBUG] Init Localization Delegate[0m
[90m[≡ƒîÄ Easy Localization] [DEBUG] Init provider[0m
ΓòÉΓòÉΓòí EXCEPTION CAUGHT BY FLUTTER TEST FRAMEWORK Γò₧ΓòÉΓòÉΓòÉΓòÉΓòÉΓòÉΓòÉΓòÉΓòÉΓòÉΓòÉΓòÉΓòÉΓòÉΓòÉΓòÉΓòÉΓòÉΓòÉΓòÉΓòÉΓòÉΓòÉΓòÉΓòÉΓòÉΓòÉΓòÉΓòÉΓòÉΓòÉΓòÉΓòÉΓòÉΓòÉΓòÉΓòÉΓòÉΓòÉΓòÉΓòÉΓòÉΓòÉΓòÉΓòÉΓòÉΓòÉΓòÉΓòÉΓòÉΓòÉΓòÉ
The following TestFailure was thrown running a test:
Expected: exactly one matching candidate
  Actual: _TypeWidgetFinder:<Found 0 widgets with type "InvoicesView": []>
   Which: means none were found but one was expected

When the exception was thrown, this was the stack:
#4      main.<anonymous closure>.<anonymous closure> (file:///D:/flutter%20projects/invoify/integration_test/app_e2e_test.dart:567:9)
<asynchronous suspension>
#5      testWidgets.<anonymous closure>.<anonymous closure> (package:flutter_test/src/widget_tester.dart:192:15)
<asynchronous suspension>
#6      TestWidgetsFlutterBinding._runTestBody (package:flutter_test/src/binding.dart:1952:5)
<asynchronous suspension>
<asynchronous suspension>
(elided one frame from package:stack_trace)

This was caught by the test expectation on the following line:
  file:///D:/flutter%20projects/invoify/integration_test/app_e2e_test.dart line 567
The test description was:
  Complete End-to-End User Master Journey: Auth -> Dashboard -> Add Client -> Create Invoice ->
  Settings
ΓòÉΓòÉΓòÉΓòÉΓòÉΓòÉΓòÉΓòÉΓòÉΓòÉΓòÉΓòÉΓòÉΓòÉΓòÉΓòÉΓòÉΓòÉΓòÉΓòÉΓòÉΓòÉΓòÉΓòÉΓòÉΓòÉΓòÉΓòÉΓòÉΓòÉΓòÉΓòÉΓòÉΓòÉΓòÉΓòÉΓòÉΓòÉΓòÉΓòÉΓòÉΓòÉΓòÉΓòÉΓòÉΓòÉΓòÉΓòÉΓòÉΓòÉΓòÉΓòÉΓòÉΓòÉΓòÉΓòÉΓòÉΓòÉΓòÉΓòÉΓòÉΓòÉΓòÉΓòÉΓòÉΓòÉΓòÉΓòÉΓòÉΓòÉΓòÉΓòÉΓòÉΓòÉΓòÉΓòÉΓòÉΓòÉΓòÉΓòÉΓòÉΓòÉΓòÉΓòÉΓòÉΓòÉΓòÉΓòÉΓòÉΓòÉΓòÉΓòÉΓòÉΓòÉΓòÉΓòÉΓòÉΓòÉΓòÉΓòÉ
00:27 +0 -1: Invoify Complete Interactive E2E Master Journey Test Suite Complete End-to-End User Master Journey: Auth -> Dashboard -> Add Client -> Create Invoice -> Settings [E]
  Test failed. See exception logs above.
  The test description was: Complete End-to-End User Master Journey: Auth -> Dashboard -> Add Client -> Create Invoice -> Settings
  
00:27 +0 -1: Invoify Complete Interactive E2E Master Journey Test Suite Alternative Auth Flow: Navigate to Register View via Login Screen
[90m[≡ƒîÄ Easy Localization] [DEBUG] Localization initialized[0m
[90m[≡ƒîÄ Easy Localization] [DEBUG] Start[0m
00:27 +0 -1: Invoify Complete Interactive E2E Master Journey Test Suite Complete End-to-End User Master Journey: Auth -> Dashboard -> Add Client -> Create Invoice -> Settings
[90m[≡ƒîÄ Easy Localization] [DEBUG] Init state[0m
[32m[≡ƒîÄ Easy Localization] [INFO] Start locale loaded ar[0m
[90m[≡ƒîÄ Easy Localization] [DEBUG] Build[0m
[90m[≡ƒîÄ Easy Localization] [DEBUG] Init Localization Delegate[0m
[90m[≡ƒîÄ Easy Localization] [DEBUG] Init provider[0m
[90m[≡ƒîÄ Easy Localization] [DEBUG] Load Localization Delegate[0m
[90m[≡ƒîÄ Easy Localization] [DEBUG] Load asset from assets/translations[0m
[90m[≡ƒîÄ Easy Localization] [DEBUG] Build[0m
[90m[≡ƒîÄ Easy Localization] [DEBUG] Init Localization Delegate[0m
[90m[≡ƒîÄ Easy Localization] [DEBUG] Init provider[0m
00:32 +0 -1: Invoify Complete Interactive E2E Master Journey Test Suite Alternative Auth Flow: Navigate to Register View via Login Screen
ΓòÉΓòÉΓòí EXCEPTION CAUGHT BY FLUTTER TEST FRAMEWORK Γò₧ΓòÉΓòÉΓòÉΓòÉΓòÉΓòÉΓòÉΓòÉΓòÉΓòÉΓòÉΓòÉΓòÉΓòÉΓòÉΓòÉΓòÉΓòÉΓòÉΓòÉΓòÉΓòÉΓòÉΓòÉΓòÉΓòÉΓòÉΓòÉΓòÉΓòÉΓòÉΓòÉΓòÉΓòÉΓòÉΓòÉΓòÉΓòÉΓòÉΓòÉΓòÉΓòÉΓòÉΓòÉΓòÉΓòÉΓòÉΓòÉΓòÉΓòÉΓòÉΓòÉ
The following TestFailure was thrown running a test:
Expected: exactly one matching candidate
  Actual: _TypeWidgetFinder:<Found 0 widgets with type "RegisterView": []>
   Which: means none were found but one was expected

When the exception was thrown, this was the stack:
#4      main.<anonymous closure>.<anonymous closure> (file:///D:/flutter%20projects/invoify/integration_test/app_e2e_test.dart:607:9)
<asynchronous suspension>
#5      testWidgets.<anonymous closure>.<anonymous closure> (package:flutter_test/src/widget_tester.dart:192:15)
<asynchronous suspension>
#6      TestWidgetsFlutterBinding._runTestBody (package:flutter_test/src/binding.dart:1952:5)
<asynchronous suspension>
<asynchronous suspension>
(elided one frame from package:stack_trace)

This was caught by the test expectation on the following line:
  file:///D:/flutter%20projects/invoify/integration_test/app_e2e_test.dart line 607
The test description was:
  Alternative Auth Flow: Navigate to Register View via Login Screen
ΓòÉΓòÉΓòÉΓòÉΓòÉΓòÉΓòÉΓòÉΓòÉΓòÉΓòÉΓòÉΓòÉΓòÉΓòÉΓòÉΓòÉΓòÉΓòÉΓòÉΓòÉΓòÉΓòÉΓòÉΓòÉΓòÉΓòÉΓòÉΓòÉΓòÉΓòÉΓòÉΓòÉΓòÉΓòÉΓòÉΓòÉΓòÉΓòÉΓòÉΓòÉΓòÉΓòÉΓòÉΓòÉΓòÉΓòÉΓòÉΓòÉΓòÉΓòÉΓòÉΓòÉΓòÉΓòÉΓòÉΓòÉΓòÉΓòÉΓòÉΓòÉΓòÉΓòÉΓòÉΓòÉΓòÉΓòÉΓòÉΓòÉΓòÉΓòÉΓòÉΓòÉΓòÉΓòÉΓòÉΓòÉΓòÉΓòÉΓòÉΓòÉΓòÉΓòÉΓòÉΓòÉΓòÉΓòÉΓòÉΓòÉΓòÉΓòÉΓòÉΓòÉΓòÉΓòÉΓòÉΓòÉΓòÉΓòÉΓòÉ
00:32 +0 -2: Invoify Complete Interactive E2E Master Journey Test Suite Alternative Auth Flow: Navigate to Register View via Login Screen [E]
  Test failed. See exception logs above.
  The test description was: Alternative Auth Flow: Navigate to Register View via Login Screen
  
00:32 +0 -2: Invoify Complete Interactive E2E Master Journey Test Suite Alternative Auth Flow: Navigate to Forget Password View via Login Screen
[90m[≡ƒîÄ Easy Localization] [DEBUG] Localization initialized[0m
[90m[≡ƒîÄ Easy Localization] [DEBUG] Start[0m
00:32 +0 -2: Invoify Complete Interactive E2E Master Journey Test Suite Complete End-to-End User Master Journey: Auth -> Dashboard -> Add Client -> Create Invoice -> Settings
[90m[≡ƒîÄ Easy Localization] [DEBUG] Init state[0m
[32m[≡ƒîÄ Easy Localization] [INFO] Start locale loaded ar[0m
[90m[≡ƒîÄ Easy Localization] [DEBUG] Build[0m
[90m[≡ƒîÄ Easy Localization] [DEBUG] Init Localization Delegate[0m
[90m[≡ƒîÄ Easy Localization] [DEBUG] Init provider[0m
[90m[≡ƒîÄ Easy Localization] [DEBUG] Load Localization Delegate[0m
[90m[≡ƒîÄ Easy Localization] [DEBUG] Load asset from assets/translations[0m
[90m[≡ƒîÄ Easy Localization] [DEBUG] Build[0m
[90m[≡ƒîÄ Easy Localization] [DEBUG] Init Localization Delegate[0m
[90m[≡ƒîÄ Easy Localization] [DEBUG] Init provider[0m
00:38 +1 -2: (tearDownAll)
00:38 +1 -2: Some tests failed.

Failing tests:
  D:/flutter projects/invoify/integration_test/app_e2e_test.dart: Invoify Complete Interactive E2E Master Journey Test Suite Alternative Auth Flow: Navigate to Register View via Login Screen
  D:/flutter projects/invoify/integration_test/app_e2e_test.dart: Invoify Complete Interactive E2E Master Journey Test Suite Complete End-to-End User Master Journey: Auth -> Dashboard -> Add Client -> Create Invoice -> Settings
